  401430      8E5 Code                ABBREAK_TEXT
  401D18     4C60 Code                ABBROWSE_TEXT
  406978     17F3 Code                ABDROPS_TEXT
  40816C     112F Code                ABEIP_TEXT
  40929C     28B4 Code                ABERROR_TEXT
  40BB50     68AB Code                ABFILE_TEXT
  4123FC      159 Code                ABFUZZY_TEXT
  412558     2288 Code                ABPOPUP_TEXT
  4147E0     27F6 Code                ABQUERY_TEXT
  416FD8     4BF1 Code                ABREPORT_TEXT
  41BBCC       91 Code                ABRESIZE_TEXT
  41BC60       37 Code                ABRPATMG_TEXT
  41BC98      E75 Code                ABRPPSEL_TEXT
  41CB10      8C2 Code                ABTOOLBA_TEXT
  41D3D4     4375 Code                ABUTIL_TEXT
  42174C     1DEE Code                ABWINDOW_TEXT
  42353C     56E6 Code                ABWMFPAR_TEXT
  428C24     260D Code                BRWEXT_TEXT
  42B234       80 Code                CWSYNCHC_TEXT
  42B2B4       23 Code                IEXE32_TEXT
  42B2D8      5D7 Code                INIT_TEXT
  42B8B0       37 Code                INST00_TEXT
  42B8E8     4B6F Code                LJEKARNA001_TEXT
  430458     1CD8 Code                LJEKARNA002_TEXT
  432130     120A Code                LJEKARNA_BC0_TEXT
  43333C       13 Code                LJEKARNA_BC_TEXT
  433350       B0 Code                LJEKARNA_TEXT
  434000     1290 Initialized Data    $DEFAULTERRORS_DATA
  435290       6F Initialized Data    ABBREAK_CONST
  435300       FD Initialized Data    ABBROWSE_CONST
  435400      A94 Initialized Data    ABBROWSE_DATA
  435E94        6 Initialized Data    ABDROPS_CONST
  435E9C      240 Initialized Data    ABDROPS_DATA
  4360DC       23 Initialized Data    ABEIP_CONST
  436100       B4 Initialized Data    ABEIP_DATA
  4361B4      16F Initialized Data    ABERROR_CONST
  436324      AA4 Initialized Data    ABERROR_DATA
  436DC8       CD Initialized Data    ABFILE_CONST
  436E98      3F8 Initialized Data    ABFILE_DATA
  437290       B4 Initialized Data    ABFUZZY_DATA
  437344       2D Initialized Data    ABPOPUP_CONST
  437374      128 Initialized Data    ABPOPUP_DATA
  43749C       D6 Initialized Data    ABQUERY_CONST
  437574       87 Initialized Data    ABQUERY_DATA
  4375FC      12E Initialized Data    ABREPORT_CONST
  43772C      944 Initialized Data    ABREPORT_DATA
  438070        1 Initialized Data    ABRPATMG_CONST
  438074       44 Initialized Data    ABRPATMG_DATA
  4380B8       76 Initialized Data    ABRPPSEL_CONST
  438130      11D Initialized Data    ABRPPSEL_DATA
  438250      390 Initialized Data    ABTOOLBA_DATA
  4385E0       8A Initialized Data    ABUTIL_CONST
  43866C      569 Initialized Data    ABUTIL_DATA
  438BD8       9B Initialized Data    ABWINDOW_DATA
  438C74       ED Initialized Data    ABWMFPAR_CONST
  438D64      E61 Initialized Data    ABWMFPAR_DATA
  439BC8       25 Initialized Data    BRWEXT_CONST
  439BF0       60 Initialized Data    BRWEXT_DATA
  439C50       48 Initialized Data    CWSYNCHC_DATA
  439C98        E Initialized Data    CWUTIL_CONST
  439CA8       36 Initialized Data    CWUTIL_DATA
  439CE0       44 Initialized Data    IEXE32_DATA
  439D24      2D8 Initialized Data    LJEKARNA001_CONST
  439FFC     3E74 Initialized Data    LJEKARNA001_DATA
  43DE70      108 Initialized Data    LJEKARNA002_CONST
  43DF78     15CC Initialized Data    LJEKARNA002_DATA
  43F544      10A Initialized Data    LJEKARNA_BC0_CONST
  43F650     1360 Initialized Data    LJEKARNA_BC0_DATA
  4409B0      126 Initialized Data    LJEKARNA_CONST
  440AD8      230 Initialized Data    LJEKARNA_DATA
  440D08        0 Initialized Data    __CPPINI_CONS
  440D08      2D8 Initialized Data    __CPPINI_CONST
  440FE0        4 Initialized Data    __CPPINI_END
  440FE4        0 Initialized Data    __INIVMT_CONS
  440FE4      230 Initialized Data    __INIVMT_CONST
  441214        0 Initialized Data    __INIVMT_CONST_END
  441220     1623 Un-initialized Data $FUZZYMATCHER_BSS
  442844       40 Un-initialized Data ABEIP_BSS
  442884      404 Un-initialized Data ABERROR_BSS
  442C88       10 Un-initialized Data ABFILE_BSS
  442C98        4 Un-initialized Data ABFUZZY_BSS
  442C9C      104 Un-initialized Data ABUTIL_BSS
  442DA0        0 Un-initialized Data ABWMFPAR_BSS
  442DA0        0 Un-initialized Data CWUTIL_BSS
  442DA0      14C Un-initialized Data LJEKARNA_BSS
  443000        8 __T_L_S__DAT
  443008      61C __T_L_S__DATA
  443624        0 __T_L_S__DATA_END
  443630        0 __T_L_S__BS
  443630    18118 __T_L_S__BSS
  45B748        0 __T_L_S__BSS_END

  401430 EVALUATELEVEL@F17LEVELMANAGERCLASSs
  4014BC RESTORERESETBUFFER@F17LEVELMANAGERCLASSs
  401534 SAVERESETBUFFER@F17LEVELMANAGERCLASSs
  4015CC RESTOREBUFFEROFF@F17LEVELMANAGERCLASS
  401620 RESTOREBUFFERON@F17LEVELMANAGERCLASS
  40168C SAVEBUFFER@F17LEVELMANAGERCLASS
  4016E0 REFRESHFIELDS@F17LEVELMANAGERCLASSs
  401818 RESETTOTALS@F17LEVELMANAGERCLASSs
  4018EC ASKLEVELOFF@F17LEVELMANAGERCLASSs
  4019B4 ASKLEVELON@F17LEVELMANAGERCLASSs
  401A20 ASKLEVEL@F17LEVELMANAGERCLASSUc
  401AE0 RESET@F17LEVELMANAGERCLASS
  401C6C ASKBREAK@F17BREAKMANAGERCLASSUc
  401CC4 RESET@F17BREAKMANAGERCLASS
  402334 KILL_@_WINDOWCOMPONENT_@_BROWSECLASS@F15WINDOWCOMPONENT
  402344 RESET_@_WINDOWCOMPONENT_@_BROWSECLASS@F15WINDOWCOMPONENTUc
  402358 RESETREQUIRED_@_WINDOWCOMPONENT_@_BROWSECLASS@F15WINDOWCOMPONENT
  402368 SETALERTS_@_WINDOWCOMPONENT_@_BROWSECLASS@F15WINDOWCOMPONENT
  40237C TAKEEVENT_@_WINDOWCOMPONENT_@_BROWSECLASS@F15WINDOWCOMPONENT
  402390 UPDATE_@_WINDOWCOMPONENT_@_BROWSECLASS@F15WINDOWCOMPONENT
  4023A4 UPDATEWINDOW_@_WINDOWCOMPONENT_@_BROWSECLASS@F15WINDOWCOMPONENT
  4023B8 DOSHOWWAITCURSOR@F11BROWSECLASSUc
  4023F0 SHOWWAITCURSOR@F11BROWSECLASSUc
  402404 SETUSEWAITCURSOR@F11BROWSECLASSUc
  40240C UPDATEWINDOW@F11BROWSECLASS
  4025EC UPDATEVIEWRECORD@F11BROWSECLASS
  4026D0 UPDATETOOLBARBUTTONS@F11BROWSECLASS
  402758 UPDATETHUMBFIXED@F11BROWSECLASS
  402908 UPDATETHUMB@F11BROWSECLASS
  402BAC UPDATERESETS@F11BROWSECLASS
  402BC0 UPDATEBUFFER@F11BROWSECLASS
  402BF8 TAKEVCRSCROLL@F11BROWSECLASSl
  402CE0 TAKESCROLL@F11BROWSECLASSl
  402D64 TAKENEWSELECTION@F11BROWSECLASS
  402DF8 TAKELOCATE@F11BROWSECLASS
  402E70 TAKEKEY@F11BROWSECLASS
  403114 TAKEEVENT@F11BROWSECLASS
  403824 TAKECHOICECHANGED@F11BROWSECLASS
  40388C TAKEACCEPTEDLOCATOR@F11BROWSECLASS
  403980 GETUSEMRP@F11BROWSECLASS
  403984 SETUSEMRP@F11BROWSECLASSUc
  403988 SETUSEPOPUP@F11BROWSECLASSUc
  40398C SETSORT@F11BROWSECLASSUcUc
  403AC8 SETQUEUERECORD@F11BROWSECLASS
  403AE8 SETALERTS@F11BROWSECLASS
  403FFC SCROLLPAGE@F11BROWSECLASSl
  4040E0 SCROLLONE@F11BROWSECLASSl
  404140 SCROLLEND@F11BROWSECLASSl
  4041B8 SAVESORT@F11BROWSECLASS
  4042AC RESTORESORT@F11BROWSECLASS
  4043B0 RESETTHUMBLIMITS@F11BROWSECLASS
  4044EC RESETSORT@F11BROWSECLASSUc
  404510 RESETRESETS@F11BROWSECLASS
  404524 RESETQUEUE@F11BROWSECLASSUc
  404ACC RESETFROMVIEW@F11BROWSECLASS
  404B04 RESETFROMFILE@F11BROWSECLASS
  404B28 RESETFROMBUFFER@F11BROWSECLASS
  404B98 RESETFROMASK@F11BROWSECLASSRUcRUc
  404D90 REPLACESORT@F11BROWSECLASSsb12LOCATORCLASS9STEPCLASS
  404E68 RECORDS@F11BROWSECLASS
  404ED0 PREVIOUS@F11BROWSECLASS
  404F1C POSTNEWSELECTION@F11BROWSECLASS
  404F74 NOTIFYUPDATEERROR@F11BROWSECLASS
  404F94 NEXT@F11BROWSECLASS
  404FE0 KILL@F11BROWSECLASS
  405224 INITSORT@F11BROWSECLASSUc
  405278 INIT@F11BROWSECLASS12ILISTCONTROLBi11BROWSEQUEUE15RELATIONMANAGER13WINDOWMANAGER
  405384 INIT@F11BROWSECLASSlRsbBiBq15RELATIONMANAGER13WINDOWMANAGER
  4053E8 FETCH@F11BROWSECLASSUc
  405674 CHECKEIP@F11BROWSECLASS
  405738 ASKRECORD@F11BROWSECLASSUc
  40574C ASK@F11BROWSECLASSUc
  40581C APPLYRANGE@F11BROWSECLASS
  405888 ADDTOOLBARTARGET@F11BROWSECLASS12TOOLBARCLASS
  4058DC ADDSORTORDER@F11BROWSECLASS9STEPCLASSBk
  405958 ADDLOCATOR@F11BROWSECLASS12LOCATORCLASS
  405974 ADDFIELD@F11BROWSECLASSRsbRsb
  4059D0 ADDFIELD@F11BROWSECLASSRlRl
  405A30 ADDFIELD@F11BROWSECLASSRuRu
  405A70 ADDEDITCONTROL@F11BROWSECLASS9EDITCLASSlUc
  405A84 SETLOCATORFROMSORT@F11BROWSECLASS
  405B20 RECORDS_@_BROWSEQUEUE_@_STANDARDBEHAVIOR@F11BROWSEQUEUE
  405B2C INSERT_@_BROWSEQUEUE_@_STANDARDBEHAVIOR@F11BROWSEQUEUE
  405B38 INSERT_@_BROWSEQUEUE_@_STANDARDBEHAVIOR@F11BROWSEQUEUEl
  405B44 FETCH_@_BROWSEQUEUE_@_STANDARDBEHAVIOR@F11BROWSEQUEUEl
  405B50 UPDATE_@_BROWSEQUEUE_@_STANDARDBEHAVIOR@F11BROWSEQUEUE
  405B5C DELETE_@_BROWSEQUEUE_@_STANDARDBEHAVIOR@F11BROWSEQUEUE
  405B68 FREE_@_BROWSEQUEUE_@_STANDARDBEHAVIOR@F11BROWSEQUEUE
  405B74 WHO_@_BROWSEQUEUE_@_STANDARDBEHAVIOR@F11BROWSEQUEUEl
  405B84 GETVIEWPOSITION_@_BROWSEQUEUE_@_STANDARDBEHAVIOR@F11BROWSEQUEUE
  405B9C SETVIEWPOSITION_@_BROWSEQUEUE_@_STANDARDBEHAVIOR@F11BROWSEQUEUEsb
  405BD4 CHOICE_@_ILISTCONTROL_@_STANDARDBEHAVIOR@F12ILISTCONTROL
  405BE0 GETCONTROL_@_ILISTCONTROL_@_STANDARDBEHAVIOR@F12ILISTCONTROL
  405BE4 GETITEMS_@_ILISTCONTROL_@_STANDARDBEHAVIOR@F12ILISTCONTROL
  405C18 GETVISIBLE_@_ILISTCONTROL_@_STANDARDBEHAVIOR@F12ILISTCONTROL
  405C4C SETCHOICE_@_ILISTCONTROL_@_STANDARDBEHAVIOR@F12ILISTCONTROLl
  405CA0 SETCONTROL_@_ILISTCONTROL_@_STANDARDBEHAVIOR@F12ILISTCONTROLl
  405CA4 GETSELECTEDITEM_@_ILISTCONTROL_@_STANDARDBEHAVIOR@F12ILISTCONTROL
  405D00 INIT@F16STANDARDBEHAVIORBqRsbl
  405D18 TAKENEWSELECTION@F16BROWSEEIPMANAGER
  405DB0 TAKECOMPLETED@F16BROWSEEIPMANAGERUc
  405F98 KILL@F16BROWSEEIPMANAGER
  405FCC INIT@F16BROWSEEIPMANAGER
  406390 CLEARCOLUMN@F16BROWSEEIPMANAGER
  4063D8 TAKEKEY@F16STEPLOCATORCLASS
  406604 SET@F16STEPLOCATORCLASS
  406608 INIT@F16STEPLOCATORCLASSlRuUc
  406630 UPDATEWINDOW@F12LOCATORCLASS
  406638 TAKEACCEPTED@F12LOCATORCLASS
  40663C SETSHADOW@F12LOCATORCLASSsb
  406658 SETENABLED@F12LOCATORCLASSUc
  40669C SETALERTS@F12LOCATORCLASSl
  4066A0 SETLOCATORFIELD@F12LOCATORCLASSRu
  4066F4 RESET@F12LOCATORCLASS
  4066F8 INIT@F12LOCATORCLASSlRuUc11BROWSECLASS
  40672C INIT@F12LOCATORCLASSlRuUc
  406748 GETSHADOW@F12LOCATORCLASS
  406764 DESTRUCT@F12LOCATORCLASS
  406778 SETLIMIT@F13STEPLONGCLASSuu
  406864 GETVALUE@F13STEPLONGCLASSUc
  4068C4 GETPERCENTILE@F13STEPLONGCLASSu
  40696C SETLIMITNEEDED@F9STEPCLASS
  406970 KILL@F9STEPCLASS
  406974 INIT@F9STEPCLASSUc
  406B90 UNIQUEPOSITION@F18FILEDROPCOMBOCLASS
  406BB0 TAKEEVENT@F18FILEDROPCOMBOCLASS
  406D60 TAKENEWSELECTION@F18FILEDROPCOMBOCLASSl
  407174 TAKENEWSELECTION@F18FILEDROPCOMBOCLASS
  40718C TAKEACCEPTED@F18FILEDROPCOMBOCLASS
  40731C RESETFROMITEM@F18FILEDROPCOMBOCLASSl
  4073A4 RESETFROMLIST@F18FILEDROPCOMBOCLASS
  407478 RESETQUEUE@F18FILEDROPCOMBOCLASSUc
  4074F0 KEYVALID@F18FILEDROPCOMBOCLASS
  407564 KILL@F18FILEDROPCOMBOCLASS
  407580 INIT@F18FILEDROPCOMBOCLASSRulRsbBiBq15RELATIONMANAGER13WINDOWMANAGER10ERRORCLASSUcUcUc
  407634 GETQUEUEMATCH@F18FILEDROPCOMBOCLASSsb
  407798 BUFFERMATCHES@F18FILEDROPCOMBOCLASS
  4077E4 ASK@F18FILEDROPCOMBOCLASS
  4078B4 ADDRECORD@F18FILEDROPCOMBOCLASS
  407904 KILL_@_WINDOWCOMPONENT_@_FILEDROPCLASS@F15WINDOWCOMPONENT
  407914 RESET_@_WINDOWCOMPONENT_@_FILEDROPCLASS@F15WINDOWCOMPONENTUc
  40792C RESETREQUIRED_@_WINDOWCOMPONENT_@_FILEDROPCLASS@F15WINDOWCOMPONENT
  407938 SETALERTS_@_WINDOWCOMPONENT_@_FILEDROPCLASS@F15WINDOWCOMPONENT
  40793C TAKEEVENT_@_WINDOWCOMPONENT_@_FILEDROPCLASS@F15WINDOWCOMPONENT
  407974 UPDATE_@_WINDOWCOMPONENT_@_FILEDROPCLASS@F15WINDOWCOMPONENT
  407978 UPDATEWINDOW_@_WINDOWCOMPONENT_@_FILEDROPCLASS@F15WINDOWCOMPONENT
  40797C GETUSEMRP@F13FILEDROPCLASS
  407980 SETUSEMRP@F13FILEDROPCLASSUc
  407984 VALIDATERECORD@F13FILEDROPCLASS
  40798C TAKENEWSELECTION@F13FILEDROPCLASSl
  407A60 TAKENEWSELECTION@F13FILEDROPCLASS
  407A78 TAKEEVENT@F13FILEDROPCLASS
  407AC8 TAKEACCEPTED@F13FILEDROPCLASS
  407ACC SETQUEUERECORD@F13FILEDROPCLASS
  407AF0 RESETQUEUE@F13FILEDROPCLASSUc
  407E54 KILL@F13FILEDROPCLASS
  407E9C INIT@F13FILEDROPCLASSlRsbBiBq15RELATIONMANAGER13WINDOWMANAGER
  40807C BUFFERMATCHES@F13FILEDROPCLASS
  4080D8 ADDUPDATEFIELD@F13FILEDROPCLASSRuRu
  408118 ADDRECORD@F13FILEDROPCLASS
  40812C ADDFIELD@F13FILEDROPCLASSRuRu
  40816C TAKENEWSELECTION@F10EIPMANAGER
  4081E4 TAKEFOCUSLOSS@F10EIPMANAGER
  408238 TAKEFIELDEVENT@F10EIPMANAGER
  408388 TAKEEVENT@F10EIPMANAGER
  408418 TAKECOMPLETED@F10EIPMANAGERUc
  408464 TAKEACTION@F10EIPMANAGERl
  40876C TAKEACCEPTALL@F10EIPMANAGER
  4088B8 RUN@F10EIPMANAGERUc
  408950 RESETCOLUMN@F10EIPMANAGER
  408A18 GETEDIT@F10EIPMANAGER
  408A74 NEXT@F10EIPMANAGER
  408B50 KILL@F10EIPMANAGER
  408CD8 INITCONTROLS@F10EIPMANAGER
  408EE4 INIT@F10EIPMANAGER
  408F50 CLEARCOLUMN@F10EIPMANAGER
  408F98 ADDCONTROL@F10EIPMANAGER9EDITCLASSlUc
  408FF4 CREATECONTROL@F14EDITENTRYCLASS
  409018 RESETCONTROL@F9EDITCLASS
  40901C GETFEQ@F9EDITCLASS
  409020 TAKEEVENT@F9EDITCLASSl
  409068 TAKEACCEPTED@F9EDITCLASSUc
  409080 SETREADONLY@F9EDITCLASSUc
  4090DC SETALERTS@F9EDITCLASS
  4091DC KILL@F9EDITCLASS
  40920C INIT@F9EDITCLASSllRu
  4093B8 KILL_@_WINDOWCOMPONENT_@_HISTHANDLERCLASS@F15WINDOWCOMPONENT
  4093BC RESET_@_WINDOWCOMPONENT_@_HISTHANDLERCLASS@F15WINDOWCOMPONENTUc
  4093C0 RESETREQUIRED_@_WINDOWCOMPONENT_@_HISTHANDLERCLASS@F15WINDOWCOMPONENT
  4093C4 SETALERTS_@_WINDOWCOMPONENT_@_HISTHANDLERCLASS@F15WINDOWCOMPONENT
  4093C8 TAKEEVENT_@_WINDOWCOMPONENT_@_HISTHANDLERCLASS@F15WINDOWCOMPONENT
  4093D0 UPDATE_@_WINDOWCOMPONENT_@_HISTHANDLERCLASS@F15WINDOWCOMPONENT
  4093D4 UPDATEWINDOW_@_WINDOWCOMPONENT_@_HISTHANDLERCLASS@F15WINDOWCOMPONENT
  4093E8 VLBPROC@F16HISTHANDLERCLASSls
  409494 TAKEEVENT@F16HISTHANDLERCLASS
  40955C INIT@F16HISTHANDLERCLASSBw10ERRORCLASS16ERRORHISTORYLIST
  409568 _VLBPROC@F16HISTHANDLERCLASSls
  409578 TAKEACCEPTED@F11MSGBOXCLASS
  4095B4 SETUPADDITIONALFEQS@F11MSGBOXCLASS
  40963C KILL@F11MSGBOXCLASS
  40967C INIT@F11MSGBOXCLASS
  40992C INIT@F11MSGBOXCLASSBw10ERRORCLASSOsbllll
  4099C4 FETCHSTDBUTTON@F11MSGBOXCLASSs
  4099F8 GETALLSTATUSVARIABLES@F10ERRORCLASS16ERRORSTATUSGROUP
  409A28 GETERRORBUFFERFATALITY@F10ERRORCLASS
  409A58 GETERRORBUFFERTITLE@F10ERRORCLASS
  409A90 GETERRORBUFFERID@F10ERRORCLASS
  409AB4 SETMESSAGETEXT@F10ERRORCLASSsb
  409B04 SETKEYNAME@F10ERRORCLASSsb
  409B54 SETFIELDNAME@F10ERRORCLASSsb
  409BA4 SETFILENAME@F10ERRORCLASSsb
  409BF4 STOREERRORENTRY@F10ERRORCLASSUs
  409D24 GETHISTORYRESETONVIEW@F10ERRORCLASS
  409D70 SETHISTORYRESETONVIEW@F10ERRORCLASSUc
  409DB8 GETHISTORYVIEWLEVEL@F10ERRORCLASS
  409E04 SETHISTORYVIEWLEVEL@F10ERRORCLASSl
  409E4C GETHISTORYTHRESHOLD@F10ERRORCLASS
  409E98 SETHISTORYTHRESHOLD@F10ERRORCLASSl
  409EE0 GETLOGERRORS@F10ERRORCLASS
  409F2C GETSILENT@F10ERRORCLASS
  409F78 SETDEFAULTCATEGORY@F10ERRORCLASSsa
  409FC0 GETDEFAULTCATEGORY@F10ERRORCLASS
  40A00C VIEWHISTORY@F10ERRORCLASS
  40A038 THROWMESSAGE@F10ERRORCLASSssb
  40A088 THROW@F10ERRORCLASSs
  40A09C TAKEUSER@F10ERRORCLASS
  40A0F8 TAKEPROGRAM@F10ERRORCLASS
  40A100 TAKEOTHER@F10ERRORCLASS
  40A108 TAKENOTIFY@F10ERRORCLASS
  40A154 TAKEFATAL@F10ERRORCLASS
  40A1E0 TAKEERROR@F10ERRORCLASSs
  40A3E4 TAKEBENIGN@F10ERRORCLASS
  40A3E8 SUBSSTRING@F10ERRORCLASS
  40A79C SETPROCEDURENAME@F10ERRORCLASSOsb
  40A84C GETERRORENTRY@F10ERRORCLASSUs15ERRORENTRYGROUPl
  40A8F0 GETERRORENTRY@F10ERRORCLASSUs15ERRORENTRYGROUP
  40A924 SETID@F10ERRORCLASSUsl
  40A95C SETID@F10ERRORCLASSUs
  40A978 SETKEY@F10ERRORCLASSsb
  40A9B4 SETFILE@F10ERRORCLASSsb
  40A9F0 SETFIELD@F10ERRORCLASSsb
  40AA2C SETERRORS@F10ERRORCLASS
  40AAB0 SETERRORLOG@F10ERRORCLASS17ERRORLOGINTERFACE
  40AB50 SETCATEGORY@F10ERRORCLASSssa
  40AB9C RESETHISTORY@F10ERRORCLASS
  40ABC4 REMOVEERROR@F10ERRORCLASSUs
  40AC04 MESSAGEBOX@F10ERRORCLASSUcsbOsbOsblll
  40AC9C MSG@F10ERRORCLASSsbOsbOsblll
  40AFE8 MESSAGE@F10ERRORCLASSsll
  40B04C KILL@F10ERRORCLASS
  40B0F0 INIT@F10ERRORCLASS16ERRORSTATUSCLASS
  40B14C INIT@F10ERRORCLASS
  40B220 HISTORYMSG@F10ERRORCLASSsblll
  40B3E0 GETPROCEDURENAME@F10ERRORCLASS
  40B4B4 GETCATEGORY@F10ERRORCLASSs
  40B53C ADDHISTORY@F10ERRORCLASS
  40B56C ADDERRORS@F10ERRORCLASS10ERRORBLOCK
  40B718 ADDERROR@F10ERRORCLASSUsRsbRsbUcsa
  40B7C4 DESTRUCT@F10ERRORCLASS
  40B7E0 CONSTRUCT@F10ERRORCLASS
  40B7F8 DESTRUCT@F16ERRORSTATUSCLASS
  40B82C CONSTRUCT@F16ERRORSTATUSCLASS
  40B964 CLOSE_@_ERRORLOGINTERFACE_@_STANDARDERRORLOGCLASS@F17ERRORLOGINTERFACEUc
  40B96C OPEN_@_ERRORLOGINTERFACE_@_STANDARDERRORLOGCLASS@F17ERRORLOGINTERFACEUc
  40B974 TAKE_@_ERRORLOGINTERFACE_@_STANDARDERRORLOGCLASS@F17ERRORLOGINTERFACEsb
  40BA18 CLOSE@F21STANDARDERRORLOGCLASSUc
  40BA94 OPEN@F21STANDARDERRORLOGCLASSUc
  40BB3C DESTRUCT@F21STANDARDERRORLOGCLASS
  40BB48 CONSTRUCT@F21STANDARDERRORLOGCLASS
  40BD94 REMOVERELATIONFILEMAPPING@F12FILESMANAGER15RELATIONMANAGER
  40BDB4 REMOVERELATIONFILEMAPPING@F12FILESMANAGERl
  40BDD0 REMOVEFILEMAPPING@F12FILESMANAGER11FILEMANAGER
  40BDEC REMOVEFILEMAPPING@F12FILESMANAGERl
  40BE08 NOTEUSAGE@F12FILESMANAGER11FILEMANAGERUc
  40BEE0 NOTEOPEN@F12FILESMANAGER11FILEMANAGER
  40BF24 NOTECLOSE@F12FILESMANAGER11FILEMANAGER
  40BFB4 GETRELATIONFILEMAPPING@F12FILESMANAGERl
  40BFEC GETFILEMAPPING@F12FILESMANAGERl
  40C024 GETFILEID@F12FILESMANAGERBf
  40C03C FINDRECORD@F12FILESMANAGER11FILEMANAGER
  40C0E8 ADDFILEMAPPING@F12FILESMANAGER15RELATIONMANAGER
  40C144 ADDFILEMAPPING@F12FILESMANAGER11FILEMANAGER
  40C1A0 DESTRUCT@F12FILESMANAGER
  40C1E0 CONSTRUCT@F12FILESMANAGER
  40C938 OPENFILE_@_IFILEOPENSERVER_@_UNTHREADEDFILEOPENSERVER@F15IFILEOPENSERVERl
  40C9C8 CLOSEFILE_@_IFILEOPENSERVER_@_UNTHREADEDFILEOPENSERVER@F15IFILEOPENSERVER
  40CA48 LINK_@_IFILEOPENSERVER_@_UNTHREADEDFILEOPENSERVER@F15IFILEOPENSERVER
  40CA98 RELEASE_@_IFILEOPENSERVER_@_UNTHREADEDFILEOPENSERVER@F15IFILEOPENSERVER
  40CB24 INIT@F24UNTHREADEDFILEOPENSERVERBf
  40CB38 DESTRUCT@F24UNTHREADEDFILEOPENSERVER
  40CB5C CONSTRUCT@F24UNTHREADEDFILEOPENSERVER
  40CB8C OPENFILE_@_IFILEOPENSERVER_@_THREADEDFILEOPENSERVER@F15IFILEOPENSERVERl
  40CBB8 CLOSEFILE_@_IFILEOPENSERVER_@_THREADEDFILEOPENSERVER@F15IFILEOPENSERVER
  40CBC8 LINK_@_IFILEOPENSERVER_@_THREADEDFILEOPENSERVER@F15IFILEOPENSERVER
  40CBD4 RELEASE_@_IFILEOPENSERVER_@_THREADEDFILEOPENSERVER@F15IFILEOPENSERVER
  40CBE0 RELEASE@F14FILEOPENSERVER
  40CC00 LINK@F14FILEOPENSERVER
  40CC04 INIT@F14FILEOPENSERVERBf
  40CC08 DESTRUCT@F14FILEOPENSERVER
  40CC0C CONSTRUCT@F14FILEOPENSERVER
  40CC14 VALIDATERECORD@F11VIEWMANAGER
  40CC18 UNUSEVIEW@F11VIEWMANAGER
  40CCB0 USEVIEW@F11VIEWMANAGER
  40CD74 SETSORT@F11VIEWMANAGERUc
  40CDA0 SETORDER@F11VIEWMANAGERsb
  40CE30 SETFREEELEMENT@F11VIEWMANAGER
  40CEAC SETFILTER@F11VIEWMANAGERsbsb
  40CFE8 SETFILTER@F11VIEWMANAGERsb
  40D030 SAVEBUFFERS@F11VIEWMANAGER
  40D0E0 RESTOREBUFFERS@F11VIEWMANAGER
  40D148 RESET@F11VIEWMANAGER
  40D154 RESET@F11VIEWMANAGERUc
  40D19C PRIMERECORD@F11VIEWMANAGERUc
  40D2E0 PREVIOUS@F11VIEWMANAGER
  40D344 OPEN@F11VIEWMANAGER
  40D3C0 NEXT@F11VIEWMANAGER
  40D424 LIMITMAJORCOMPONENTS@F11VIEWMANAGERRu
  40D4E0 KILL@F11VIEWMANAGER
  40D638 GETFIRSTSORTFIELD@F11VIEWMANAGER
  40D914 GETFIELDASCENDING@F11VIEWMANAGERRu
  40DC78 INIT@F11VIEWMANAGERBi15RELATIONMANAGER9SORTORDER
  40DCD8 GETFREEELEMENTPOSITION@F11VIEWMANAGER
  40DD30 GETFREEELEMENTNAME@F11VIEWMANAGER
  40DD84 GETFREEELEMENTASCENDING@F11VIEWMANAGER
  40DDDC CLEARFILESRECORD@F11VIEWMANAGER
  40DE94 CLOSE@F11VIEWMANAGERUc
  40DEB0 CLOSE@F11VIEWMANAGER
  40DEBC APPLYRANGE@F11VIEWMANAGER
  40E088 APPLYORDER@F11VIEWMANAGER
  40E0E0 APPLYFILTER@F11VIEWMANAGER
  40E644 APPENDORDER@F11VIEWMANAGERsb
  40E724 ADDSORTORDER@F11VIEWMANAGERBk
  40E7F0 ADDRANGE@F11VIEWMANAGERRuRu
  40E84C ADDRANGE@F11VIEWMANAGERRu
  40E8AC DESTRUCT@F11VIEWMANAGER
  40E8C0 DEFEREDADDRELATIONS@F15RELATIONMANAGER
  40E8C4 UPDATESECONDARY@F15RELATIONMANAGERBk18BUFFEREDPAIRSCLASSUc
  40EA54 UPDATE@F15RELATIONMANAGERUc
  40EC68 INSERT@F15RELATIONMANAGER
  40EDC0 SETOPENRELATED@F15RELATIONMANAGER
  40EDC8 SETQUICKSCAN@F15RELATIONMANAGERUcUc
  40EED4 SAVE@F15RELATIONMANAGER
  40EF1C FORCEOPEN@F15RELATIONMANAGERUc
  40EF2C OPEN@F15RELATIONMANAGERUc
  40EF54 OPENCLOSESERVER@F15RELATIONMANAGERUcUc
  40F0D8 LOGOUTINSERT@F15RELATIONMANAGER
  40F16C LOGOUTUPDATE@F15RELATIONMANAGER
  40F1D8 LOGOUTPRIME@F15RELATIONMANAGER
  40F2B8 LOGOUTDELETE@F15RELATIONMANAGER
  40F334 KILL@F15RELATIONMANAGER
  40F3B8 INIT@F15RELATIONMANAGER11FILEMANAGERUc
  40F3F0 DELETESECONDARY@F15RELATIONMANAGERBk18BUFFEREDPAIRSCLASSUcUc
  40F688 DELETE@F15RELATIONMANAGERUc
  40F8D4 CLOSE@F15RELATIONMANAGERUc
  40F8E0 CASCADEUPDATES@F15RELATIONMANAGER
  40F9BC CANCELAUTOINC@F15RELATIONMANAGER
  40F9D0 ADDRELATIONLINK@F15RELATIONMANAGERRlRl
  40FA38 ADDRELATION@F15RELATIONMANAGER15RELATIONMANAGERUcUcBk
  40FA98 ADDRELATION@F15RELATIONMANAGER15RELATIONMANAGER
  40FAC4 DEFEREDRELATIONS@F15RELATIONMANAGER
  40FAEC CONSTRUCT@F15RELATIONMANAGER
  40FAF4 FUNCTIONCALLED_@_FILECALLBACKINTERFACE_@_FILEMANAGER@F21FILECALLBACKINTERFACEl6PARAMSRscRsc
  40FBA0 FUNCTIONDONE_@_FILECALLBACKINTERFACE_@_FILEMANAGER@F21FILECALLBACKINTERFACEl6PARAMSRscRsc
  40FCEC POSTCREATE@F11FILEMANAGERRscRsc
  40FCF4 PRECREATE@F11FILEMANAGERRscRsc
  40FCFC POSTFETCH@F11FILEMANAGERlBksbllRscRsc
  40FD20 PREFETCH@F11FILEMANAGERlBksbllRscRsc
  40FD44 POSTUPDATE@F11FILEMANAGERRscRsc
  40FD4C PREUPDATE@F11FILEMANAGERllRscRsc
  40FD54 POSTINSERT@F11FILEMANAGERRscRsc
  40FD5C PREINSERT@F11FILEMANAGERllRscRsc
  40FD64 POSTDELETE@F11FILEMANAGERRscRsc
  40FD6C PREDELETE@F11FILEMANAGERRscRsc
  40FD74 FUNCTIONDONE@F11FILEMANAGERl6PARAMSRscRsc
  40FEA8 FUNCTIONCALLED@F11FILEMANAGERl6PARAMSRscRsc
  41000C GETHASAUTOINC@F11FILEMANAGER
  410014 GETAUTOINCDONE@F11FILEMANAGER
  41001C GETMRPSIZE@F11FILEMANAGER
  410024 SETMRPSIZE@F11FILEMANAGERUc
  41002C GETUSEMRP@F11FILEMANAGER
  410034 SETUSEMRP@F11FILEMANAGERUc
  41003C DELETED@F11FILEMANAGER
  410040 DELETERECORD@F11FILEMANAGERUc
  410094 VALIDATERECORD@F11FILEMANAGERPl
  41014C VALIDATEFIELDS@F11FILEMANAGERllPl
  410208 VALIDATEFIELDSERVER@F11FILEMANAGERlUc
  410274 TRYVALIDATEFIELD@F11FILEMANAGERl
  410284 VALIDATEFIELD@F11FILEMANAGERl
  410294 USEFILE@F11FILEMANAGERUc
  410388 UPDATESERVER@F11FILEMANAGERUc
  410480 UPDATE@F11FILEMANAGER
  41048C TRYUPDATE@F11FILEMANAGER
  410498 TRYREGET@F11FILEMANAGERsb
  410540 TRYPRIMEAUTOINC@F11FILEMANAGER
  41054C TRYPREVIOUS@F11FILEMANAGER
  41055C TRYOPEN@F11FILEMANAGER
  41056C TRYNEXT@F11FILEMANAGER
  41057C TRYINSERT@F11FILEMANAGER
  410588 TRYFETCH@F11FILEMANAGERBk
  4105D0 THROWMESSAGE@F11FILEMANAGERUssb
  410624 THROW@F11FILEMANAGER
  410648 THROW@F11FILEMANAGERUs
  410660 SETKEY@F11FILEMANAGERBk
  4106B8 SETERRORS@F11FILEMANAGER10ERRORCLASS
  4106BC SETERROR@F11FILEMANAGERUs
  4106D4 SAVEFILE@F11FILEMANAGER
  4107F0 SAVEBUFFER@F11FILEMANAGER
  410948 RESTOREFILE@F11FILEMANAGERRUs11FILEMANAGERUc
  410A78 RESTOREFILE@F11FILEMANAGERRUsUc
  410A88 RESTOREBUFFER@F11FILEMANAGERRUs11FILEMANAGERUc
  410BF8 RESTOREBUFFER@F11FILEMANAGERRUsUc
  410C08 PRIMERECORD@F11FILEMANAGERUc
  410D14 PRIMEFIELDS@F11FILEMANAGER
  410D18 PRIMEAUTOINCSERVER@F11FILEMANAGERUc
  4112C8 PRIMEAUTOINC@F11FILEMANAGER
  4112D4 PREVIOUS@F11FILEMANAGER
  4112E4 POSITION@F11FILEMANAGER
  411364 OPENSERVER@F11FILEMANAGERUcUc
  4113C4 OPENFILE@F11FILEMANAGERUc
  4115E4 OPEN@F11FILEMANAGER
  4115F4 NEXTSERVER@F11FILEMANAGERUcUc
  411710 NEXT@F11FILEMANAGER
  411720 KILL@F11FILEMANAGER
  411764 KEYTOORDER@F11FILEMANAGERBkUc
  4118B0 ISOPENED@F11FILEMANAGER
  4118D0 INSERTSERVER@F11FILEMANAGERUc
  411AE8 INSERT@F11FILEMANAGER
  411AF4 INIT@F11FILEMANAGERBf10ERRORCLASS
  411BD4 INIT@F11FILEMANAGER
  411C10 GETOPENED@F11FILEMANAGER
  411C18 GETNAME@F11FILEMANAGER
  411CA0 GETFIELDNAME@F11FILEMANAGERBkUc
  411CF0 GETFIELDASCENDING@F11FILEMANAGERBkUc
  411D24 GETFIELD@F11FILEMANAGERBkUc
  411D60 GETEOF@F11FILEMANAGER
  411D68 GETCOMPONENTS@F11FILEMANAGERBk
  411D84 FETCH@F11FILEMANAGERBk
  411DBC EQUALBUFFER@F11FILEMANAGERRUs
  411EF8 CLOSE@F11FILEMANAGER
  411F8C CLEARKEY@F11FILEMANAGERBkUcUcUc
  41203C CANCELAUTOINC@F11FILEMANAGER15RELATIONMANAGER
  4120AC BINDFIELDS@F11FILEMANAGER
  4120D0 ADDKEY@F11FILEMANAGERBksbUc
  4123C8 DESTRUCT@F11FILEMANAGER
  4123FC SETOPTION@F10FUZZYCLASSUcUc
  412460 KILL@F10FUZZYCLASS
  412464 INIT@F10FUZZYCLASS
  412478 CONSTRUCT@F10FUZZYCLASS
  4127EC TOOLBOX@F10POPUPCLASSsb
  412878 SETTRANSLATOR@F10POPUPCLASS15TRANSLATORCLASS
  412888 SETTOOLBOX@F10POPUPCLASSsbUc
  4128F4 SETICON@F10POPUPCLASSsbsb
  41296C SETITEMENABLE@F10POPUPCLASSsbUc
  412A18 SETITEMCHECK@F10POPUPCLASSsbUc
  412AC4 SETITEM@F10POPUPCLASSllsbsb
  412CE0 RESETTOOLBOX@F10POPUPCLASS
  4130E8 LOCATENAME@F10POPUPCLASSsb
  41316C KILL@F10POPUPCLASS
  413188 INIT@F10POPUPCLASS
  4131BC GETNAME@F10POPUPCLASSl
  4132E4 GETMENUTEXT@F10POPUPCLASS
  4135CC GETLASTSELECTION@F10POPUPCLASS
  4135DC GETITEMS@F10POPUPCLASSUc
  413688 EXECUTEPOPUP@F10POPUPCLASSsbllUc
  413760 EMPTYITEMS@F10POPUPCLASS
  41376C DELETEITEM@F10POPUPCLASSsb
  4137B4 CHECKMIMICS@F10POPUPCLASS
  413974 ASKTOOLBOX@F10POPUPCLASSsb
  413E18 ASK@F10POPUPCLASSllUc
  413F74 ASK@F10POPUPCLASSll
  413F84 ADDSUBMENU@F10POPUPCLASSsbsbsb
  414044 ADDSUBMENU@F10POPUPCLASSsbsb
  4140AC ADDMENU@F10POPUPCLASSsbUc
  414208 ADDITEMMIMIC@F10POPUPCLASSsblOsb
  4142E8 ADDITEMEVENT@F10POPUPCLASSsbll
  4143CC ADDITEM@F10POPUPCLASSsbsbsbUc
  414460 ADDITEM@F10POPUPCLASSsbsb
  4144D0 ADDITEM@F10POPUPCLASSsb
  414F28 CLEARQUERY@F10QUERYCLASS
  414FD0 GETQUERIES@F10QUERYCLASS11SECTORQUEUE
  415070 RESTORE@F10QUERYCLASSsb
  415800 TAKE@F10QUERYCLASS10POPUPCLASS
  4158A0 SAVE@F10QUERYCLASSsb
  4159FC SETQUICKPOPUP@F10QUERYCLASS10POPUPCLASSUs
  415FB4 QUOTE@F10QUERYCLASSsb
  416098 GETLIMIT@F10QUERYCLASSRscRscRUcUcRsc
  416654 GETFILTER@F10QUERYCLASS
  416B60 MAKEOPERATOR@FsbsbRscRsc
  416F2C MAKEOPERATOR@Fsbsb
  41780C SETPOSITION@F16PAGEMANAGERCLASSlllll
  4178C4 SETCENTRE@F16PAGEMANAGERCLASSlUcUc
  417928 KILL@F16PAGEMANAGERCLASS
  417984 INIT@F16PAGEMANAGERCLASS17PRINTPREVIEWCLASSllRsb
  417AA0 HIGHLIGHT@F16PAGEMANAGERCLASSl
  417B20 GETPROP@F16PAGEMANAGERCLASSll
  417B80 EXISTS@F16PAGEMANAGERCLASSl
  417B9C DRAW@F16PAGEMANAGERCLASSll
  41829C DELETE@F16PAGEMANAGERCLASSl
  4182E4 DELETE@F16PAGEMANAGERCLASS
  418304 COORDCONTAINED@F16PAGEMANAGERCLASSll
  418418 TAKEWINDOWEVENT@F13REPORTMANAGER
  418638 TAKERECORD@F13REPORTMANAGER
  418758 TAKENORECORDS@F13REPORTMANAGER
  418768 TAKECLOSEEVENT@F13REPORTMANAGER
  418968 TAKEACCEPTED@F13REPORTMANAGER
  418998 SETDYNAMICCONTROLSATTRIBUTES@F13REPORTMANAGER
  41899C SETSTATICCONTROLSATTRIBUTES@F13REPORTMANAGER
  4189A0 PROCESSRESULTFILES@F13REPORTMANAGER15OUTPUTFILEQUEUE
  4189A4 OPENREPORT@F13REPORTMANAGER
  418AE8 OPEN@F13REPORTMANAGER
  418B58 KILL@F13REPORTMANAGER
  418C5C INIT@F13REPORTMANAGER12PROCESSCLASSBr17PRINTPREVIEWCLASS
  418D94 NEXT@F13REPORTMANAGER
  418E10 CANCELPRINTREPORT@F13REPORTMANAGER
  418E4C PRINTREPORT@F13REPORTMANAGER
  4190D0 ENDREPORT@F13REPORTMANAGER
  419108 GETTOTALPAGES@F13REPORTMANAGER
  419114 FETCHPAGE@F13REPORTMANAGERl
  419164 ASKPREVIEW@F13REPORTMANAGER
  41922C ASK@F13REPORTMANAGER
  419280 GETOPENOUTPUTWHENFINISH@F13REPORTMANAGER
  419288 SETOPENOUTPUTWHENFINISH@F13REPORTMANAGERUc
  419290 GETUSEMRP@F13REPORTMANAGER
  419298 SETUSEMRP@F13REPORTMANAGERUc
  4192A0 TAKECURRENTPAGE@F17PRINTPREVIEWCLASS
  419480 TAKEFIELDEVENT@F17PRINTPREVIEWCLASS
  4194D8 TAKEWINDOWEVENT@F17PRINTPREVIEWCLASS
  4194F4 TAKEEVENT@F17PRINTPREVIEWCLASS
  419B88 TAKEACCEPTED@F17PRINTPREVIEWCLASS
  41A044 SYNCIMAGEQUEUE@F17PRINTPREVIEWCLASS
  41A084 SETINIMANAGER@F17PRINTPREVIEWCLASS8INICLASS
  41A08C SETDEFAULTPAGES@F17PRINTPREVIEWCLASS
  41A0D4 RESETUSERZOOM@F17PRINTPREVIEWCLASS
  41A178 PROCESSRESULTFILES@F17PRINTPREVIEWCLASS15OUTPUTFILEQUEUE
  41A17C PARSEIMAGES@F17PRINTPREVIEWCLASSl
  41A228 ONPROCESSFILES@F17PRINTPREVIEWCLASS
  41A268 ONSAVEAS@F17PRINTPREVIEWCLASS
  41A2B8 OPEN@F17PRINTPREVIEWCLASS
  41A610 NEWZOOM@F17PRINTPREVIEWCLASS
  41A62C KILL@F17PRINTPREVIEWCLASS
  41A6CC INPAGELIST@F17PRINTPREVIEWCLASSl
  41A8D8 INITWINDOWPOSITION@F17PRINTPREVIEWCLASSBw
  41AA00 INIT@F17PRINTPREVIEWCLASS12PREVIEWQUEUE25REPORTTARGETSELECTORCLASS17WMFDOCUMENTPARSER
  41AA18 INIT@F17PRINTPREVIEWCLASS12PREVIEWQUEUE
  41AC20 DRAWPAGE@F17PRINTPREVIEWCLASS
  41ACC8 DISPLAY@F17PRINTPREVIEWCLASSslUsUs
  41AFEC DELETEIMAGEQUEUE@F17PRINTPREVIEWCLASSl
  41B044 CONFIGMENUCHECKS@F17PRINTPREVIEWCLASS
  41B0CC ASKTHUMBNAILS@F17PRINTPREVIEWCLASS
  41B1C8 ASKPRINTPAGES@F17PRINTPREVIEWCLASS
  41B38C ASKPAGE@F17PRINTPREVIEWCLASS
  41B4C4 CHILDPROCESSINGEND@F12PROCESSCLASSUs
  41B4CC CHILDPROCESSINGSTART@F12PROCESSCLASSUs
  41B500 UPDATEDISPLAY@F12PROCESSCLASS
  41B57C TAKERECORD@F12PROCESSCLASS
  41B580 TAKELOCATE@F12PROCESSCLASS
  41B5B0 TAKEACCEPTED@F12PROCESSCLASS
  41B5B4 SETPROGRESSLIMITS@F12PROCESSCLASSsbsb
  41B68C SETPROGRESSLIMITS@F12PROCESSCLASS
  41B75C RESET@F12PROCESSCLASS
  41B7E8 NEXT@F12PROCESSCLASSUc
  41BA7C KILL@F12PROCESSCLASS
  41BAD4 INIT@F12PROCESSCLASSBi15RELATIONMANAGERlPUc9STEPCLASSRu
  41BB1C INIT@F12PROCESSCLASSBi15RELATIONMANAGERlPUcl
  41BBCC TAKERESIZE@F17WINDOWRESIZECLASS
  41BBD4 KILL@F17WINDOWRESIZECLASS
  41BC60 INIT@F22REPORTATTRIBUTEMANAGERBr
  41BC64 DESTRUCT@F22REPORTATTRIBUTEMANAGER
  41BC84 CONSTRUCT@F22REPORTATTRIBUTEMANAGER
  41C2D8 DESTRUCT@F25REPORTTARGETSELECTORCLASS
  41C2F8 CONSTRUCT@F25REPORTTARGETSELECTORCLASS
  41C318 GETREPORTDEFAULT@F25REPORTTARGETSELECTORCLASS
  41C358 GETREPORTSELECTED@F25REPORTTARGETSELECTORCLASS
  41C3BC GETDEFAULTITEMINDEX@F25REPORTTARGETSELECTORCLASS
  41C3C0 GETSELECTEDITEMINDEX@F25REPORTTARGETSELECTORCLASS
  41C3C4 SETDEFAULTOUTPUTGENERATOR@F25REPORTTARGETSELECTORCLASSsb
  41C408 GETOUTPUTGENERATORINDEX@F25REPORTTARGETSELECTORCLASSsb
  41C4E8 SETSELECTEDOUTPUTGENERATOR@F25REPORTTARGETSELECTORCLASSsb
  41C558 GETOUTPUTGENERATOR@F25REPORTTARGETSELECTORCLASSsb
  41C5B0 GETOUTPUTGENERATORNAME@F25REPORTTARGETSELECTORCLASSsUc
  41C62C FILLQUEUE@F25REPORTTARGETSELECTORCLASSBqUc
  41C6F8 GETPRINTSELECTED@F25REPORTTARGETSELECTORCLASS
  41C708 ITEM@F25REPORTTARGETSELECTORCLASSsUc
  41C7F8 ITEMS@F25REPORTTARGETSELECTORCLASSUc
  41C858 ASK@F25REPORTTARGETSELECTORCLASSUcUc
  41CAF0 ADDITEM@F25REPORTTARGETSELECTORCLASS22IOUTPUTGENERATORTARGETUc
  41CBA4 TAKEEVENT@F12TOOLBARCLASSPl13WINDOWMANAGER
  41CBD0 SETTARGET@F12TOOLBARCLASSl
  41CC78 KILL@F12TOOLBARCLASS
  41CC90 INIT@F12TOOLBARCLASS
  41CCB0 DISPLAYBUTTONS@F12TOOLBARCLASS
  41CCD8 ADDTARGET@F12TOOLBARCLASS13TOOLBARTARGETl
  41CD0C TRYTAKETOOLBAR@F18TOOLBARUPDATECLASS
  41CD18 TAKEEVENT@F18TOOLBARUPDATECLASSPl13WINDOWMANAGER
  41CD54 TAKETOOLBAR@F18TOOLBARUPDATECLASS
  41CD9C DISPLAYBUTTONS@F18TOOLBARUPDATECLASS
  41CE5C TRYTAKETOOLBAR@F19TOOLBARLISTBOXCLASS
  41CEB0 TAKEEVENT@F19TOOLBARLISTBOXCLASSPl13WINDOWMANAGER
  41CFF8 TAKETOOLBAR@F19TOOLBARLISTBOXCLASS
  41D01C DISPLAYBUTTONS@F19TOOLBARLISTBOXCLASS
  41D048 TAKEEVENT@F13TOOLBARTARGETPl13WINDOWMANAGER
  41D0C8 DISPLAYBUTTONS@F13TOOLBARTARGET
  41D2AC SETTIPS@Fsb
  41DFFC SETUP@F13CALENDARCLASS
  41E000 ASK@F13CALENDARCLASSsbl
  41E0D8 ISHOLIDAY@F17CALENDARBASECLASSUcUcsUc
  41E0E0 ASK@F17CALENDARBASECLASSsbl
  41EBF8 UPDATEQUEUE@F8INICLASSsbsbBqRuPuPuPu
  41EE1C UPDATE@F8INICLASSsbsbsb
  41EED8 UPDATE@F8INICLASSsbBw
  41F0B8 UPDATE@F8INICLASS
  41F0BC TRYFETCH@F8INICLASSsbsb
  41F134 REMOVE@F8INICLASSsbsb
  41F29C KILL@F8INICLASS
  41F3D4 INIT@F8INICLASSsbll
  41F4EC GETSECTORS@F8INICLASSOsbOsbOsb11SECTORQUEUE
  41F6FC GETSECTOR@F8INICLASSsbsbsb
  41F7EC GETFAMILY@F8INICLASSsbRscRscRsc
  41F970 FETCHQUEUE@F8INICLASSsbsbBqRuPuPuPu
  41FBE4 FETCHFIELD@F8INICLASSsbsbUc
  41FD24 FETCH@F8INICLASSsbsbRu
  41FDE8 FETCH@F8INICLASSsbBw
  420048 FETCH@F8INICLASSsbsb
  420120 FETCH@F8INICLASS
  420124 ADDSECTOR@F8INICLASSsb
  420204 UPDATEWINDOWINFO@F8INICLASSsb10WINDOWINFO
  420470 FETCHWINDOWINFO@F8INICLASSsb10WINDOWINFO
  4206E8 UPDATE@F8INICLASSsbsbsbsb
  4208D4 FETCH@F8INICLASSsbsbsbsb
  420AF8 DESTRUCT@F8INICLASS
  420B14 CONSTRUCT@F8INICLASS
  420B28 KILL@F18BUFFEREDPAIRSCLASS
  420BA4 INIT@F18BUFFEREDPAIRSCLASS
  420BC4 EQUALRIGHTBUFFER@F18BUFFEREDPAIRSCLASSUc
  420C54 EQUALLEFTBUFFER@F18BUFFEREDPAIRSCLASSUc
  420CE0 EQUALRIGHTBUFFER@F18BUFFEREDPAIRSCLASS
  420CEC EQUALLEFTBUFFER@F18BUFFEREDPAIRSCLASS
  420CF8 ASSIGNRIGHTTOBUFFER@F18BUFFEREDPAIRSCLASS
  420D40 ASSIGNLEFTTOBUFFER@F18BUFFEREDPAIRSCLASS
  420D84 ASSIGNBUFFERTORIGHT@F18BUFFEREDPAIRSCLASS
  420DCC ASSIGNBUFFERTOLEFT@F18BUFFEREDPAIRSCLASS
  420E10 ADDPAIR@F18BUFFEREDPAIRSCLASSRuRu
  420EB0 INIT@F15FIELDPAIRSCLASS
  420ECC KILL@F15FIELDPAIRSCLASS
  420F30 EQUALLEFTRIGHT@F15FIELDPAIRSCLASS
  420F80 EQUAL@F15FIELDPAIRSCLASS
  420F88 CLEARRIGHT@F15FIELDPAIRSCLASS
  420FC4 CLEARLEFT@F15FIELDPAIRSCLASS
  420FFC ASSIGNRIGHTTOLEFT@F15FIELDPAIRSCLASS
  421040 ASSIGNLEFTTORIGHT@F15FIELDPAIRSCLASS
  421084 ADDITEM@F15FIELDPAIRSCLASSRu
  4210C8 ADDPAIR@F15FIELDPAIRSCLASSRuRu
  42110C NEXT@F13CONSTANTCLASS
  4212C8 SET@F13CONSTANTCLASSRsb
  42131C RESET@F13CONSTANTCLASS
  42136C KILL@F13CONSTANTCLASS
  4213CC INIT@F13CONSTANTCLASSUc
  421410 GETCSTRING@F13CONSTANTCLASS
  421490 GETPSTRING@F13CONSTANTCLASS
  42151C GETLONG@F13CONSTANTCLASS
  421540 GETUSHORT@F13CONSTANTCLASS
  421568 GETSHORT@F13CONSTANTCLASS
  421570 GETBYTE@F13CONSTANTCLASS
  421584 ADDITEM@F13CONSTANTCLASSUcRu
  4215C0 CONSTRUCT@F13CONSTANTCLASS
  4215D8 REMOVEDOLLAR@Fsb
  4216AC ADDDOLLAR@Fsb
  421830 SAVEONINSERTACTION@F13WINDOWMANAGER
  4218D4 SAVEONCHANGEACTION@F13WINDOWMANAGER
  4219EC DELETEACTION@F13WINDOWMANAGER
  421BA8 CHANGEACTION@F13WINDOWMANAGER
  421F18 INSERTACTION@F13WINDOWMANAGER
  422108 TAKEDISABLEBUTTON@F13WINDOWMANAGERlUc
  422130 UPDATE@F13WINDOWMANAGER
  42216C TAKEWINDOWEVENT@F13WINDOWMANAGER
  422394 TAKESELECTED@F13WINDOWMANAGER
  422398 TAKEREJECTED@F13WINDOWMANAGER
  4223D4 TAKENOTIFY@F13WINDOWMANAGERlll
  4223D8 TAKENEWSELECTION@F13WINDOWMANAGER
  422458 TAKEFIELDEVENT@F13WINDOWMANAGER
  42245C TAKEEVENT@F13WINDOWMANAGER
  422610 TAKECLOSEEVENT@F13WINDOWMANAGER
  4227B4 TAKECOMPLETED@F13WINDOWMANAGER
  42288C TAKEACCEPTED@F13WINDOWMANAGER
  422978 SETRESPONSE@F13WINDOWMANAGERUc
  4229C4 SETALERTS@F13WINDOWMANAGER
  422A74 SAVEHISTORY@F13WINDOWMANAGER
  422B1C RUN@F13WINDOWMANAGERUsUc
  422B20 RUN@F13WINDOWMANAGER
  422B6C RESTOREFIELD@F13WINDOWMANAGERl
  422C40 RESETBUFFERS@F13WINDOWMANAGERUc
  422CA4 RESET@F13WINDOWMANAGERUc
  422D2C PRIMEUPDATE@F13WINDOWMANAGER
  422E70 PRIMEFIELDS@F13WINDOWMANAGER
  422E74 POSTCOMPLETED@F13WINDOWMANAGER
  422F0C OPEN@F13WINDOWMANAGERBwBw
  422F54 OPEN@F13WINDOWMANAGER
  422F98 MODALEVENT@F13WINDOWMANAGER
  42307C KILL@F13WINDOWMANAGER
  4231D0 INIT@F13WINDOWMANAGER
  42324C REMOVEITEM@F13WINDOWMANAGER15WINDOWCOMPONENT
  423284 ASK@F13WINDOWMANAGER
  4232E8 ADDUPDATEFILE@F13WINDOWMANAGER11FILEMANAGER
  423328 ADDITEM@F13WINDOWMANAGER15WINDOWCOMPONENT
  423354 ADDITEM@F13WINDOWMANAGER18TOOLBARUPDATECLASS
  4233AC ADDITEM@F13WINDOWMANAGER12TOOLBARCLASS
  4233C0 ADDITEM@F13WINDOWMANAGERlUc
  4233E4 ADDITEM@F13WINDOWMANAGER11BROWSECLASS
  42340C ADDHISTORYFILE@F13WINDOWMANAGERRgRg
  423464 ADDHISTORYFIELD@F13WINDOWMANAGERll
  42348C DISABLECANCELCONTROLS@F13WINDOWMANAGER
  4234E4 ENABLECANCELCONTROLS@F13WINDOWMANAGER
  423710 PROCESSDOCUMENT@F17WMFDOCUMENTPARSER
  4237C0 OPENDOCUMENT@F17WMFDOCUMENTPARSER
  42382C CLOSEDOCUMENT@F17WMFDOCUMENTPARSER
  42386C INIT@F17WMFDOCUMENTPARSER12PREVIEWQUEUE16IREPORTGENERATOR10ERRORCLASS
  423904 GENERATEREPORT@F17WMFDOCUMENTPARSERUc
  423CA0 TAKERECORD@F9WMFPARSER
  428524 PROCESSFILE@F9WMFPARSER
  428544 PROCESSHEADER@F9WMFPARSER
  428718 ADDOBJECT@F9WMFPARSERUc
  4287B8 CLOSEFILE@F9WMFPARSER
  4287F8 RUN@F9WMFPARSER
  428800 OPENFILE@F9WMFPARSER
  4288C4 KILL@F9WMFPARSER
  42892C INIT@F9WMFPARSERsb16IREPORTGENERATOR10ERRORCLASS
  4289F8 GETBOXBOTTOM@F9WMFPARSER
  428A00 GETBOXRIGHT@F9WMFPARSER
  428A08 GETBOXTOP@F9WMFPARSER
  428A10 GETBOXLEFT@F9WMFPARSER
  428A18 DESTRUCT@F9WMFPARSER
  428AFC CONSTRUCT@F9WMFPARSER
  428E58 SETUP@F19SORTHEADERCLASSTYPEBqlOsbOsbBiBk
  428E88 APPLYSORTCOLORS@F19SORTHEADERCLASSTYPEl
  428FE0 ALLOWDESCENDING@F19SORTHEADERCLASSTYPEsb
  429004 VALIDFIELD@F19SORTHEADERCLASSTYPEsb
  429194 GETSORTINGCOLUMNSTRING@F19SORTHEADERCLASSTYPEsbsbsb
  4293A8 FINDRECORD@F19SORTHEADERCLASSTYPE
  429598 ONHEADERPRESSED@F19SORTHEADERCLASSTYPE
  429774 SETPREVSORTORDER@F19SORTHEADERCLASSTYPE
  4297E0 LOADSORT@F19SORTHEADERCLASSTYPE
  429A30 SAVESORT@F19SORTHEADERCLASSTYPE
  429C80 SETSTORAGESETTINGS@F19SORTHEADERCLASSTYPEsbsb
  429CE4 GETSTRINGFROMSORT@F19SORTHEADERCLASSTYPE
  429E20 SETSORTFROMSTRING@F19SORTHEADERCLASSTYPEsb
  42A1C8 SORTQUEUE@F19SORTHEADERCLASSTYPE
  42AA34 RESTOREHEADERTEXT@F19SORTHEADERCLASSTYPE
  42AAF8 GETCOLUMNNAME@F19SORTHEADERCLASSTYPEl
  42ABF8 GETCOLUMNTEXT@F19SORTHEADERCLASSTYPEl
  42ACC8 RESETSORT@F19SORTHEADERCLASSTYPE
  42ACF0 CLEARSORT@F19SORTHEADERCLASSTYPE
  42AD2C KILL@F19SORTHEADERCLASSTYPE
  42AD80 GETSORTORDER@F19SORTHEADERCLASSTYPE
  42ADF0 TAKEEVENTS@F19SORTHEADERCLASSTYPE
  42AF10 SETALERTS@F19SORTHEADERCLASSTYPE
  42AF14 INIT@F19SORTHEADERCLASSTYPEBqlOsbOsbBiBk
  42B234 GETIFACE@F15CRITICALSECTION
  42B238 DESTRUCT@F15CRITICALSECTION
  42B24C CONSTRUCT@F15CRITICALSECTION
  42B260 KILL@F17CRITICALPROCEDURE
  42B284 INIT@F17CRITICALPROCEDURE11ISYNCOBJECT
  42B2A4 DESTRUCT@F17CRITICALPROCEDURE
  42B2AC CONSTRUCT@F17CRITICALPROCEDURE
  42B8B0 __thr_inst0
  42B8C0 __thr_init_entry
  42B8E0 __thr_init_exit
  42F25C LJEKARNA001$AZURIRANJE_LJK@F
  42F450 LJEKARNA001$AZURIRANJE_LIJ@F
  42F6A0 LJEKARNA001$AZURIRANJE_PRO@F
  42F81C LJEKARNA001$AZURIRANJE_KUP@F
  42F99C LJEKARNA001$POPIS_KUP@F
  42FB8C LJEKARNA001$POPIS_LJK@F
  42FE8C LJEKARNA001$POPIS_LIJ@F
  43007C LJEKARNA001$POPIS_PRO@F
  4302FC LJEKARNA001$SKOCNI_PROZOR@F
  430390 GLAVNI_IZBORNIK@F
  431904 LJEKARNA002$IZVJESCE_PRD@F
  431B2C LJEKARNA002$IZVJESCE_LIJ@F
  431D0C LJEKARNA002$IZVJESCE_LJK@F
  431EFC LJEKARNA002$AZURIRANJE_PRD@Fl
  43234C KILL@F19HIDE:RELATE:PRODAJE
  432394 DEFEREDADDRELATIONS@F19HIDE:RELATE:PRODAJE
  4323B4 INIT@F19HIDE:RELATE:PRODAJE
  4323EC VALIDATEFIELDSERVER@F19HIDE:ACCESS:PRODAJElUc
  4324CC USEFILE@F19HIDE:ACCESS:PRODAJEUc
  4325C8 KILL@F19HIDE:ACCESS:PRODAJE
  4325E8 INIT@F19HIDE:ACCESS:PRODAJE
  432668 KILL@F21HIDE:RELATE:LJEKARNIK
  4326B0 DEFEREDADDRELATIONS@F21HIDE:RELATE:LJEKARNIK
  4326D0 INIT@F21HIDE:RELATE:LJEKARNIK
  432708 USEFILE@F21HIDE:ACCESS:LJEKARNIKUc
  4327D4 KILL@F21HIDE:ACCESS:LJEKARNIK
  4327F4 INIT@F21HIDE:ACCESS:LJEKARNIK
  432874 KILL@F17HIDE:RELATE:KUPAC
  4328BC DEFEREDADDRELATIONS@F17HIDE:RELATE:KUPAC
  4328DC INIT@F17HIDE:RELATE:KUPAC
  432914 USEFILE@F17HIDE:ACCESS:KUPACUc
  4329B8 KILL@F17HIDE:ACCESS:KUPAC
  4329D8 INIT@F17HIDE:ACCESS:KUPAC
  432A58 KILL@F17HIDE:RELATE:LIJEK
  432AA0 DEFEREDADDRELATIONS@F17HIDE:RELATE:LIJEK
  432AC0 INIT@F17HIDE:RELATE:LIJEK
  432AF8 VALIDATEFIELDSERVER@F17HIDE:ACCESS:LIJEKlUc
  432C94 USEFILE@F17HIDE:ACCESS:LIJEKUc
  432D60 KILL@F17HIDE:ACCESS:LIJEK
  432D80 INIT@F17HIDE:ACCESS:LIJEK
  432E00 KILL@F23HIDE:RELATE:PROIZVODJAC
  432E48 DEFEREDADDRELATIONS@F23HIDE:RELATE:PROIZVODJAC
  432E68 INIT@F23HIDE:RELATE:PROIZVODJAC
  432EA0 USEFILE@F23HIDE:ACCESS:PROIZVODJACUc
  432F44 KILL@F23HIDE:ACCESS:PROIZVODJAC
  432F64 INIT@F23HIDE:ACCESS:PROIZVODJAC
  432FE4 LJEKARNA_BC0$LJEKARNA_BC0:FILESINIT@F
  433048 LJEKARNA_BC0$LJEKARNA_BC0:DCTKILL@F
  433108 LJEKARNA_BC0$LJEKARNA_BC0:DCTINIT@F
  43333C DCTKILL@F
  433344 DCTINIT@F
  433350 _main
  4333E8 DESTRUCT@F10DICTIONARY
  4333F0 CONSTRUCT@F10DICTIONARY
  434000 $DEFAULTERRORS
  435400 TYPE$BROWSECLASS
  4357E8 TYPE$BROWSEEIPMANAGER
  435ABC VMT$BROWSEEIPMANAGER
  435B60 VMT$BROWSECLASS
  435D34 TYPE$STANDARDBEHAVIOR
  435D70 VMT$STANDARDBEHAVIOR
  435DC0 TYPE$STEPLOCATORCLASS
  435E10 VMT$STEPLOCATORCLASS
  435E4C TYPE$STEPLONGCLASS
  435E74 VMT$STEPLONGCLASS
  435E9C TYPE$FILEDROPCLASS
  436028 VMT$FILEDROPCLASS
  436100 TYPE$COLORMAP
  43612C TCB$COLORMAP
  43613C TYPE$EDITENTRYCLASS
  436184 VMT$EDITENTRYCLASS
  436324 STDERRORFILE$TYPE$RECORD
  43633C $STDERRORFILE
  4363B8 TYPE$PNQ
  4363D8 TYPE$DEFAULTERRORS
  436658 TYPE$HISTHANDLERCLASS
  4366A0 VMT$HISTHANDLERCLASS
  4366D0 TYPE$MSGBOXCLASS
  436948 VMT$MSGBOXCLASS
  4369D0 TYPE$ERRORCLASS
  436C2C VMT$ERRORCLASS
  436C78 TYPE$STANDARDERRORLOGCLASS
  436CB0 VMT$STANDARDERRORLOGCLASS
  436CC8 TYPE$ERRORSTATUSCLASS
  436DBC VMT$ERRORSTATUSCLASS
  436E98 TYPE$UNTHREADEDFILEOPENERMAP
  436EBC TCB$UNTHREADEDFILEOPENERMAP
  436ECC TYPE$FILESMANAGER
  436F10 VMT$FILESMANAGER
  436F1C TYPE$FILEMAPPING_T
  436F48 TYPE$FILEMAPPING_R
  436F78 TYPE$STATUSQ_T
  436FE0 TYPE$UNTHREADEDFILEOPENSERVER
  437030 VMT$UNTHREADEDFILEOPENSERVER
  437054 TYPE$THREADEDFILEOPENSERVER
  437088 VMT$THREADEDFILEOPENSERVER
  437290 TYPE$FUZZYCLASS
  437338 VMT$FUZZYCLASS
  437374 TYPE$POPUPITEMQUEUE
  4373E4 TYPE$POPUPCLASS
  437490 VMT$POPUPCLASS
  437574 TYPE$FIELDQUEUE
  437760 TYPE$PAGEMANAGERCLASS
  437818 VMT$PAGEMANAGERCLASS
  437824 TYPE$ZOOMITEMQUEUE
  43785C $ZOOMPRESETS
  437950 TYPE$PRINTPREVIEWCLASS
  437FB8 VMT$PRINTPREVIEWCLASS
  438074 TYPE$REPORTATTRIBUTEMANAGER
  438090 VMT$REPORTATTRIBUTEMANAGER
  438130 TYPE$REPORTTARGETSELECTORCLASS
  4381BC VMT$REPORTTARGETSELECTORCLASS
  438250 TYPE$TOOLBARTARGETQUEUE
  43826C $UPDATECHANGETIPS
  438378 $UPDATEINSERTTIPS
  4383B8 $LISTBOXTIPS
  438474 TYPE$TOOLBARCLASS
  43848C VMT$TOOLBARCLASS
  4384A4 TYPE$TOOLBARUPDATECLASS
  43852C VMT$TOOLBARUPDATECLASS
  438548 TYPE$TOOLBARLISTBOXCLASS
  4385C4 VMT$TOOLBARLISTBOXCLASS
  438684 TYPE$CONSTDESCRIPTORLIST
  4387A8 TYPE$CALENDARCLASS
  43899C VMT$CALENDARCLASS
  4389B4 TYPE$CONSTANTCLASS
  438A54 VMT$CONSTANTCLASS
  438A60 TYPE$INICLASS
  438AA8 VMT$INICLASS
  438B34 TYPE$BUFFEREDPAIRSCLASS
  438B58 VMT$BUFFEREDPAIRSCLASS
  438B90 TYPE$FIELDPAIRSCLASS
  438BA8 VMT$FIELDPAIRSCLASS
  438BD8 TYPE$FILELIST
  438BFC TYPE$HISTORYLIST
  438C34 TYPE$BUTTONLIST
  438C58 TYPE$COMPONENTLIST
  438D64 WMFINFILE$TYPE$WMFF@:RECORD
  438D84 TYPE$QUEUEDC
  438DE8 TYPE$QUEUEHOLES
  438DFC TYPE$QUEUEBRUSH
  438E28 TYPE$QUEUEPENS
  438E54 TYPE$QUEUEFONTS
  438E9C TYPE$QUEUEOBJECTS
  438EB8 TYPE$WMFDOCUMENTPARSER
  438F1C VMT$WMFDOCUMENTPARSER
  438F28 TYPE$WMFPARSER
  439A40 VMT$WMFPARSER
  439A4C TYPE$POINTQUEUE
  439A68 TYPE$SLICEFORMATQUEUE
  439B10 TYPE$TEXTFORMATQUEUE
  439BF0 TYPE$QUEUELISTHEADERTYPE
  439C1C TYPE$QUEUELISTSORTTYPE
  439C50 TYPE$CRITICALSECTION
  439C68 VMT$CRITICALSECTION
  439C74 TYPE$CRITICALPROCEDURE
  439C8C VMT$CRITICALPROCEDURE
  43F650 TYPE$HIDE:RELATE:PRODAJE
  43F6F4 VMT$HIDE:RELATE:PRODAJE
  43F730 TYPE$HIDE:ACCESS:PRODAJE
  43F940 VMT$HIDE:ACCESS:PRODAJE
  43FA30 TYPE$HIDE:RELATE:LJEKARNIK
  43FAD4 VMT$HIDE:RELATE:LJEKARNIK
  43FB10 TYPE$HIDE:ACCESS:LJEKARNIK
  43FD20 VMT$HIDE:ACCESS:LJEKARNIK
  43FE10 TYPE$HIDE:RELATE:KUPAC
  43FEB4 VMT$HIDE:RELATE:KUPAC
  43FEF0 TYPE$HIDE:ACCESS:KUPAC
  440100 VMT$HIDE:ACCESS:KUPAC
  4401F0 TYPE$HIDE:RELATE:LIJEK
  440294 VMT$HIDE:RELATE:LIJEK
  4402D0 TYPE$HIDE:ACCESS:LIJEK
  4404E0 VMT$HIDE:ACCESS:LIJEK
  4405D0 TYPE$HIDE:RELATE:PROIZVODJAC
  440674 VMT$HIDE:RELATE:PROIZVODJAC
  4406B0 TYPE$HIDE:ACCESS:PROIZVODJAC
  4408C0 VMT$HIDE:ACCESS:PROIZVODJAC
  440AD8 TYPE$DICTIONARY
  440AE8 VMT$DICTIONARY
  440AF4 PRODAJE$TYPE$PRD:RECORD
  440BB4 LJEKARNIK$TYPE$LJK:RECORD
  440C0C KUPAC$TYPE$KUP:RECORD
  440C58 LIJEK$TYPE$LIJ:RECORD
  440CCC PROIZVODJAC$TYPE$PRO:RECORD
  440FE4 VMTP$DICTIONARY
  4410BC VMTP$HIDE:RELATE:PRODAJE
  4410C4 VMTP$HIDE:ACCESS:PRODAJE
  4410CC VMTP$HIDE:RELATE:LJEKARNIK
  4410D4 VMTP$HIDE:ACCESS:LJEKARNIK
  4410DC VMTP$HIDE:RELATE:KUPAC
  4410E4 VMTP$HIDE:ACCESS:KUPAC
  4410EC VMTP$HIDE:RELATE:LIJEK
  4410F4 VMTP$HIDE:ACCESS:LIJEK
  4410FC VMTP$HIDE:RELATE:PROIZVODJAC
  441104 VMTP$HIDE:ACCESS:PROIZVODJAC
  44110C VMTP$FILESMANAGER
  441114 VMTP$UNTHREADEDFILEOPENSERVER
  44111C VMTP$THREADEDFILEOPENSERVER
  441124 VMTP$CALENDARCLASS
  44112C VMTP$CONSTANTCLASS
  441134 VMTP$INICLASS
  44113C VMTP$BUFFEREDPAIRSCLASS
  441144 VMTP$FIELDPAIRSCLASS
  44114C VMTP$POPUPCLASS
  441154 VMTP$TOOLBARCLASS
  44115C VMTP$TOOLBARUPDATECLASS
  441164 VMTP$TOOLBARLISTBOXCLASS
  44116C VMTP$EDITENTRYCLASS
  441174 VMTP$BROWSEEIPMANAGER
  44117C VMTP$BROWSECLASS
  441184 VMTP$STANDARDBEHAVIOR
  44118C VMTP$STEPLOCATORCLASS
  441194 VMTP$STEPLONGCLASS
  44119C VMTP$HISTHANDLERCLASS
  4411A4 VMTP$MSGBOXCLASS
  4411AC VMTP$ERRORCLASS
  4411B4 VMTP$STANDARDERRORLOGCLASS
  4411BC VMTP$ERRORSTATUSCLASS
  4411C4 VMTP$FUZZYCLASS
  4411CC VMTP$FILEDROPCLASS
  4411D4 VMTP$WMFDOCUMENTPARSER
  4411DC VMTP$WMFPARSER
  4411E4 VMTP$REPORTATTRIBUTEMANAGER
  4411EC VMTP$REPORTTARGETSELECTORCLASS
  4411F4 VMTP$PAGEMANAGERCLASS
  4411FC VMTP$PRINTPREVIEWCLASS
  441204 VMTP$CRITICALSECTION
  44120C VMTP$CRITICALPROCEDURE
  441220 $FUZZYMATCHER
  442844 $COLORMAP
  44287C $MULTIWINDOW
  442880 $TXTWINDOW
  442884 $WINDOW
  442888 STDERRORFILE$RECORD
  442C88 $UNTHREADEDFILEOPENERMAP
  442C90 $CREATEOPENERCRIT
  442DA0 KEYS$WMFINFILE
  442DD4 $INIMGR
  442EEC MEMOS$LJEKARNIK
  443008 PRODAJE$PRD:PK_PRD
  44302C PRODAJE$PRD:FK_LIJ
  443050 PRODAJE$PRD:FK_KUP
  443074 KEYS$PRODAJE
  443080 $PRODAJE
  4430D4 LJEKARNIK$LJK:PK_LJK
  4430F8 LJEKARNIK$LJK:SK_PREZIME
  44311C KEYS$LJEKARNIK
  443124 $LJEKARNIK
  443178 KUPAC$KUP:PK_KUP
  44319C KEYS$KUPAC
  4431A0 $KUPAC
  4431F4 LIJEK$LIJ:PK_LIJ
  443218 LIJEK$LIJ:FK_PRO
  44323C KEYS$LIJEK
  443244 $LIJEK
  443298 PROIZVODJAC$PRO:PK_PRO
  4432BC KEYS$PROIZVODJAC
  4432C0 $PROIZVODJAC
  4434D0 $EPOC
  443528 $WMFINFILE
  443630 $GLOBALERRORSTATUS
  444954 $GLOBALREQUEST
  444958 $GLOBALRESPONSE
  44495C $VCRREQUEST
  444960 $DICTIONARY
  444964 PRODAJE$PRD:RECORD
  44498C LJEKARNIK$LJK:RECORD
  4449E4 KUPAC$KUP:RECORD
  444A24 LIJEK$LIJ:RECORD
  44717C PROIZVODJAC$PRO:RECORD
  4471B4 $RELATE:PRODAJE
  4471B8 $ACCESS:PRODAJE
  4471BC $RELATE:LJEKARNIK
  4471C0 $ACCESS:LJEKARNIK
  4471C4 $RELATE:KUPAC
  4471C8 $ACCESS:KUPAC
  4471CC $RELATE:LIJEK
  4471D0 $ACCESS:LIJEK
  4471D4 $RELATE:PROIZVODJAC
  4471D8 $ACCESS:PROIZVODJAC
  449A80 LJEKARNA_BC0$_HIDE:RELATE:PRODAJE
  449A84 LJEKARNA_BC0$_HIDE:ACCESS:PRODAJE
  449A88 LJEKARNA_BC0$_HIDE:RELATE:LJEKARNIK
  449A8C LJEKARNA_BC0$_HIDE:ACCESS:LJEKARNIK
  449A90 LJEKARNA_BC0$_HIDE:RELATE:KUPAC
  449A94 LJEKARNA_BC0$_HIDE:ACCESS:KUPAC
  449A98 LJEKARNA_BC0$_HIDE:RELATE:LIJEK
  449A9C LJEKARNA_BC0$_HIDE:ACCESS:LIJEK
  449AA0 LJEKARNA_BC0$_HIDE:RELATE:PROIZVODJAC
  449AA4 LJEKARNA_BC0$_HIDE:ACCESS:PROIZVODJAC
  449AA8 $FILESMANAGER
  449AC0 $SZDBTEXTLOG
  44A3B4 $CLS_COUNTER
  44A3B8 WMFINFILE$WMFF@:RECORD
  45C000 __import_section_start
  45DC48 __import_section_end

Imports
ClaASC.dll:ASCII 45C094
ClaDOS.dll:DOS 45C0A4
ClaRUN.dll:Cla$ACCEPTED 45C480,401000
ClaRUN.dll:Cla$ADDqueue 45C484
ClaRUN.dll:Cla$ADDqueuefkey 45C488,401008
ClaRUN.dll:Cla$ADDqueuekey 45C48C,401010
ClaRUN.dll:Cla$ADDqueueptr 45C490
ClaRUN.dll:Cla$ADDqueueskey 45C494
ClaRUN.dll:Cla$AddressUfo 45C498
ClaRUN.dll:Cla$ALERT 45C49C,401018
ClaRUN.dll:Cla$AssignLong2RefUfo 45C4A0
ClaRUN.dll:Cla$AssignReal2RefUfo 45C4A4
ClaRUN.dll:Cla$AssignRefUfo 45C4A8
ClaRUN.dll:Cla$BEEP 45C4AC,401020
ClaRUN.dll:Cla$BindG 45C4B0
ClaRUN.dll:Cla$CHANGE 45C4B4,401028
ClaRUN.dll:Cla$CHOICE 45C4B8,401030
ClaRUN.dll:Cla$CLEAR 45C4BC
ClaRUN.dll:Cla$CLEARqueue 45C4C0
ClaRUN.dll:Cla$clearstr 45C4C4
ClaRUN.dll:Cla$ClearType 45C4C8
ClaRUN.dll:Cla$ClearUfo 45C4CC
ClaRUN.dll:Cla$CLOCK 45C4D0,401038
ClaRUN.dll:Cla$CloneUfo 45C4D4
ClaRUN.dll:Cla$CLOSEwindow 45C4D8,401040
ClaRUN.dll:Cla$code 45C4DC
ClaRUN.dll:Cla$COMMIT 45C4E0,401048
ClaRUN.dll:Cla$comparestr 45C4E4
ClaRUN.dll:Cla$CREATE 45C4E8
ClaRUN.dll:Cla$DATE 45C4EC,401050
ClaRUN.dll:Cla$DAY 45C4F0,401058
ClaRUN.dll:Cla$DecAdd 45C4F4
ClaRUN.dll:Cla$DecDistinct 45C4F8
ClaRUN.dll:Cla$DecDistinctR 45C4FC
ClaRUN.dll:Cla$DecDivide 45C500
ClaRUN.dll:Cla$DecMul 45C504
ClaRUN.dll:Cla$DecSub 45C508
ClaRUN.dll:Cla$DecSubR 45C50C
ClaRUN.dll:Cla$DELETEqueue 45C510,401060
ClaRUN.dll:Cla$DELETEREG 45C514,401068
ClaRUN.dll:Cla$DESTROY 45C518,401070
ClaRUN.dll:Cla$DISABLE 45C51C,401078
ClaRUN.dll:Cla$DISPLAY 45C520,401080
ClaRUN.dll:Cla$DISPOSEqueue 45C524
ClaRUN.dll:Cla$DISPOSEref 45C528
ClaRUN.dll:Cla$DISPOSEvref 45C52C
ClaRUN.dll:Cla$Dlongpower 45C530
ClaRUN.dll:Cla$DPopDec 45C534
ClaRUN.dll:Cla$DPopLong 45C538
ClaRUN.dll:Cla$DPopReal 45C53C
ClaRUN.dll:Cla$DPopUlong 45C540
ClaRUN.dll:Cla$DPushConstant 45C544
ClaRUN.dll:Cla$DPushDec 45C548
ClaRUN.dll:Cla$DPushLong 45C54C
ClaRUN.dll:Cla$DPushULong 45C550
ClaRUN.dll:Cla$DRound 45C554
ClaRUN.dll:Cla$DStack2Stack 45C558
ClaRUN.dll:Cla$ENABLE 45C55C,401088
ClaRUN.dll:Cla$EndEventLoop 45C560
ClaRUN.dll:Cla$EndEventLoops 45C564
ClaRUN.dll:Cla$ENDPAGE 45C568,401090
ClaRUN.dll:Cla$ERRORCODE 45C56C,401098
ClaRUN.dll:Cla$Evaluate 45C570,4010A0
ClaRUN.dll:Cla$EVENT 45C574,4010A8
ClaRUN.dll:Cla$FIELD 45C578,4010B0
ClaRUN.dll:Cla$FILEERRORCODE 45C57C,4010B8
ClaRUN.dll:Cla$FILEERRORMSG 45C580,4010C0
ClaRUN.dll:Cla$FileExists 45C584,4010C8
ClaRUN.dll:Cla$FILE_ADDf 45C588
ClaRUN.dll:Cla$FILE_BUFFER 45C58C,4010D0
ClaRUN.dll:Cla$FILE_BUILDf 45C590,4010D8
ClaRUN.dll:Cla$FILE_BYTES 45C594,4010E0
ClaRUN.dll:CLA$FILE_CALLBACK 45C598,4010E8
ClaRUN.dll:Cla$FILE_CLEAR 45C59C
ClaRUN.dll:Cla$FILE_CLOSE 45C5A0,4010F0
ClaRUN.dll:Cla$FILE_CREATE 45C5A4
ClaRUN.dll:Cla$FILE_DELETE 45C5A8,4010F8
ClaRUN.dll:CLA$FILE_DESTROY 45C5AC
ClaRUN.dll:Cla$FILE_DUPLICATEk 45C5B0,401100
ClaRUN.dll:Cla$FILE_FLUSH 45C5B4,401108
ClaRUN.dll:CLA$FILE_FREESTATE 45C5B8,401110
ClaRUN.dll:Cla$FILE_GETfk 45C5BC
ClaRUN.dll:Cla$FILE_GETfl 45C5C0
ClaRUN.dll:Cla$FILE_GETflu 45C5C4
ClaRUN.dll:Cla$FILE_GETNULLS 45C5C8,401118
ClaRUN.dll:CLA$FILE_GETSTATE 45C5CC,401120
ClaRUN.dll:Cla$FILE_GET_PROPERTY 45C5D0
ClaRUN.dll:Cla$FILE_NAME 45C5D4,401128
ClaRUN.dll:Cla$FILE_NEXT 45C5D8,401130
ClaRUN.dll:Cla$FILE_NOMEMO 45C5DC,401138
ClaRUN.dll:Cla$FILE_OPEN 45C5E0,401140
ClaRUN.dll:Cla$FILE_POSITIONf 45C5E4,401148
ClaRUN.dll:Cla$FILE_POSITIONk 45C5E8,401150
ClaRUN.dll:Cla$FILE_PREV 45C5EC,401158
ClaRUN.dll:Cla$FILE_PUTf 45C5F0
ClaRUN.dll:Cla$FILE_RECORDSf 45C5F4,401160
ClaRUN.dll:Cla$FILE_REGETf 45C5F8,401168
ClaRUN.dll:Cla$FILE_REGETk 45C5FC,401170
ClaRUN.dll:Cla$FILE_RESETf 45C600,401178
ClaRUN.dll:Cla$FILE_RESETk 45C604,401180
ClaRUN.dll:CLA$FILE_RESTORESTATE 45C608,401188
ClaRUN.dll:Cla$FILE_SEND 45C60C,401190
ClaRUN.dll:Cla$FILE_SETk 45C610,401198
ClaRUN.dll:Cla$FILE_SETkk 45C614,4011A0
ClaRUN.dll:Cla$FILE_SETNULLS 45C618,4011A8
ClaRUN.dll:Cla$FILE_SET_PROPERTY 45C61C
ClaRUN.dll:Cla$FILE_WATCH 45C620,4011B0
ClaRUN.dll:Cla$FOCUS 45C624,4011B8
ClaRUN.dll:Cla$FREEqueue 45C628
ClaRUN.dll:Cla$FREEqueuea 45C62C,4011C0
ClaRUN.dll:Cla$freestr 45C630
ClaRUN.dll:Cla$FreeUfo 45C634
ClaRUN.dll:Cla$freewindow 45C638
ClaRUN.dll:Cla$GETINI 45C63C,4011C8
ClaRUN.dll:Cla$GETPOSITION 45C640,4011D0
ClaRUN.dll:Cla$GETPOSITIONw 45C644,4011D8
ClaRUN.dll:Cla$GetPropS 45C648
ClaRUN.dll:Cla$GETqueuekey 45C64C,4011E0
ClaRUN.dll:Cla$GETqueueptr 45C650
ClaRUN.dll:Cla$GETqueueskey 45C654
ClaRUN.dll:Cla$GETREG 45C658,4011E8
ClaRUN.dll:Cla$Group2Ufo 45C65C
ClaRUN.dll:Cla$HALT 45C660,4011F0
ClaRUN.dll:Cla$HIDE 45C664,4011F8
ClaRUN.dll:Cla$init 45C668
ClaRUN.dll:Cla$INSTANCE 45C66C,401200
ClaRUN.dll:Cla$IsUfoString 45C670,401208
ClaRUN.dll:Cla$KEYCHAR 45C674,401210
ClaRUN.dll:Cla$KEYCODE 45C678,401218
ClaRUN.dll:Cla$KEYSTATE 45C67C,401220
ClaRUN.dll:Cla$KEY_GET_PROPERTY 45C680
ClaRUN.dll:Cla$loadbtdate 45C684
ClaRUN.dll:Cla$LOGOUT 45C688,401228
ClaRUN.dll:Cla$longtostr 45C68C
ClaRUN.dll:Cla$Mem2Ufo 45C690
ClaRUN.dll:Cla$MessageBox 45C694,401230
ClaRUN.dll:Cla$MONTH 45C698,401238
ClaRUN.dll:Cla$MOUSEX 45C69C,401240
ClaRUN.dll:Cla$MOUSEY 45C6A0,401248
ClaRUN.dll:Cla$NewMemB 45C6A4
ClaRUN.dll:Cla$NewMemT 45C6A8
ClaRUN.dll:Cla$NEWqueue 45C6AC
ClaRUN.dll:Cla$NOTIFICATION 45C6B0,401250
ClaRUN.dll:Cla$OPENowned 45C6B4,401258
ClaRUN.dll:Cla$OPENwindow 45C6B8,401260
ClaRUN.dll:Cla$paopen 45C6BC,401268
ClaRUN.dll:Cla$pmopen 45C6C0,401270
ClaRUN.dll:Cla$POINTERqueue 45C6C4,401278
ClaRUN.dll:Cla$PopAString 45C6C8
ClaRUN.dll:Cla$PopBind 45C6CC,401280
ClaRUN.dll:Cla$PopCString 45C6D0
ClaRUN.dll:Cla$PopReal 45C6D4
ClaRUN.dll:Cla$PopString 45C6D8
ClaRUN.dll:Cla$PopTemp 45C6DC
ClaRUN.dll:Cla$POPUP 45C6E0,401288
ClaRUN.dll:Cla$POSITIONqueue 45C6E4,401290
ClaRUN.dll:Cla$POST 45C6E8,401298
ClaRUN.dll:Cla$PRESSKEY 45C6EC,4012A0
ClaRUN.dll:Cla$PRINTreport 45C6F0
ClaRUN.dll:Cla$propen 45C6F4,4012A8
ClaRUN.dll:Cla$PushAString 45C6F8
ClaRUN.dll:Cla$PushBind 45C6FC,4012B0
ClaRUN.dll:Cla$PushCString 45C700
ClaRUN.dll:Cla$PushLong 45C704
ClaRUN.dll:Cla$PushPictDec 45C708
ClaRUN.dll:Cla$PushPictLong 45C70C
ClaRUN.dll:Cla$PushReal 45C710
ClaRUN.dll:Cla$PushString 45C714
ClaRUN.dll:Cla$PushUfo 45C718
ClaRUN.dll:Cla$PUTINI 45C71C,4012B8
ClaRUN.dll:Cla$PUTqueue 45C720
ClaRUN.dll:Cla$PUTREG 45C724,4012C0
ClaRUN.dll:Cla$pwopen 45C728,4012C8
ClaRUN.dll:Cla$RECORDSqueue 45C72C,4012D0
ClaRUN.dll:Cla$RefAssignAny 45C730
ClaRUN.dll:Cla$REGULAR 45C734,4012D8
ClaRUN.dll:Cla$RemoveFile 45C738,4012E0
ClaRUN.dll:Cla$ROLLBACK 45C73C,4012E8
ClaRUN.dll:Cla$rterr 45C740,4012F0
ClaRUN.dll:Cla$RUN 45C744,4012F8
ClaRUN.dll:Cla$SELECT 45C748,401300
ClaRUN.dll:Cla$SETCURSOR 45C74C,401308
ClaRUN.dll:Cla$SETKEYCODE 45C750,401310
ClaRUN.dll:Cla$SETLAYOUT 45C754,401318
ClaRUN.dll:Cla$SETPOSITION 45C758,401320
ClaRUN.dll:Cla$SETPOSITIONw 45C75C,401328
ClaRUN.dll:Cla$SetPropF 45C760
ClaRUN.dll:Cla$SetPropQ 45C764
ClaRUN.dll:Cla$SetPropS 45C768
ClaRUN.dll:Cla$SetPropV 45C76C
ClaRUN.dll:Cla$SETTARGET 45C770,401330
ClaRUN.dll:Cla$SORTqueuekey 45C774,401338
ClaRUN.dll:Cla$SORTqueueskey 45C778
ClaRUN.dll:Cla$Stack2DStack 45C77C
ClaRUN.dll:Cla$Stack2Ufo 45C780
ClaRUN.dll:Cla$StackCLIP 45C784,401340
ClaRUN.dll:Cla$StackCompare 45C788
ClaRUN.dll:Cla$StackCompareN 45C78C
ClaRUN.dll:Cla$StackCompareNEQ 45C790
ClaRUN.dll:Cla$StackCompareR 45C794
ClaRUN.dll:Cla$StackConcat 45C798
ClaRUN.dll:Cla$StackConcatR 45C79C
ClaRUN.dll:Cla$StackDEFORMAT2 45C7A0
ClaRUN.dll:Cla$StackErrstr 45C7A4,401348
ClaRUN.dll:Cla$StackHeap 45C7A8
ClaRUN.dll:Cla$StackINLIST 45C7AC
ClaRUN.dll:Cla$StackINSTRING 45C7B0,401350
ClaRUN.dll:Cla$StackLEFT 45C7B4,401358
ClaRUN.dll:Cla$StackLen 45C7B8,401360
ClaRUN.dll:Cla$StackNUMERIC 45C7BC,401368
ClaRUN.dll:Cla$STACKpop 45C7C0
ClaRUN.dll:Cla$StackRotate 45C7C4
ClaRUN.dll:Cla$StackSUB 45C7C8,401370
ClaRUN.dll:Cla$StackUPPER 45C7CC,401378
ClaRUN.dll:Cla$START 45C7D0,401380
ClaRUN.dll:Cla$START2 45C7D4,401388
ClaRUN.dll:Cla$StartEventLoop 45C7D8
ClaRUN.dll:Cla$storebtdate 45C7DC
ClaRUN.dll:Cla$storecstr 45C7E0
ClaRUN.dll:Cla$storestr 45C7E4
ClaRUN.dll:Cla$String2Ref 45C7E8
ClaRUN.dll:Cla$THREAD 45C7EC,401390
ClaRUN.dll:Cla$THREAD_FILE 45C7F0
ClaRUN.dll:Cla$TODAY 45C7F4,401398
ClaRUN.dll:Cla$Ufo2Real 45C7F8
ClaRUN.dll:Cla$UfoCompareN 45C7FC
ClaRUN.dll:Cla$Ufodistinct 45C800
ClaRUN.dll:Cla$UNHIDE 45C804,4013A0
ClaRUN.dll:Cla$UNREGISTEREVENT 45C808,4013A8
ClaRUN.dll:Cla$UPDATE 45C80C,4013B0
ClaRUN.dll:Cla$VIEW_RESETvf 45C810,4013B8
ClaRUN.dll:Cla$VIEW_SETvl 45C814,4013C0
ClaRUN.dll:Cla$WHAT 45C818,4013C8
ClaRUN.dll:Cla$WHATqueue 45C81C,4013D0
ClaRUN.dll:Cla$WHOqueue 45C820,4013D8
ClaRUN.dll:Cla$YEAR 45C824,4013E0
ClaRUN.dll:Cla$YIELD 45C828,4013E8
ClaRUN.dll:NewCriticalSection 45C82C,4013F0
ClaRUN.dll:THR$GetInstance 45C830,4013F8
ClaRUN.dll:VIEWDRIVER 45C834
ClaRUN.dll:_exit 45C838,401400
ClaRUN.dll:_fnsplit 45C83C,401408
ClaRUN.dll:_free 45C840
ClaRUN.dll:_malloc 45C844
ClaRUN.dll:__sysinit 45C848,401410
ClaRUN.dll:__sysstart 45C84C,401418
ClaTPS.dll:TOPSPEED 45C85C
KERNEL32.dll:MulDiv 45C86C,401420
USER32.dll:GetSystemMetrics 45C87C,401428



Entry Point:   42B2B4